updated @ So 24 Apr 2022 08:11:51 CEST
updated @ So 24 Apr 2022 08:11:52 CEST
updated @ So 24 Apr 2022 08:11:53 CEST
updated @ So 24 Apr 2022 08:11:54 CEST
updated @ So 24 Apr 2022 08:11:55 CEST
updated @ So 24 Apr 2022 08:11:56 CEST
updated @ So 24 Apr 2022 08:11:57 CEST
updated @ So 24 Apr 2022 08:11:58 CEST
updated @ So 24 Apr 2022 08:11:59 CEST
updated @ So 24 Apr 2022 08:12:00 CEST
updated @ So 24 Apr 2022 08:12:01 CEST
updated @ So 24 Apr 2022 08:12:02 CEST
updated @ So 24 Apr 2022 08:12:03 CEST
updated @ So 24 Apr 2022 08:12:04 CEST
updated @ So 24 Apr 2022 08:12:05 CEST
updated @ So 24 Apr 2022 08:12:06 CEST
updated @ So 24 Apr 2022 08:12:07 CEST
updated @ So 24 Apr 2022 08:12:08 CEST
updated @ So 24 Apr 2022 08:12:09 CEST
updated @ So 24 Apr 2022 08:12:10 CEST
updated @ So 24 Apr 2022 08:12:11 CEST
updated @ So 24 Apr 2022 08:12:12 CEST
updated @ So 24 Apr 2022 08:12:13 CEST
updated @ So 24 Apr 2022 08:12:14 CEST
updated @ So 24 Apr 2022 08:12:15 CEST
updated @ So 24 Apr 2022 08:12:16 CEST
updated @ So 24 Apr 2022 08:12:17 CEST
updated @ So 24 Apr 2022 08:12:18 CEST
updated @ So 24 Apr 2022 08:12:19 CEST
updated @ So 24 Apr 2022 08:12:20 CEST
